<?xml version="1.0" encoding="ISO-8859-1" ?>
<link_info>
   <banner>TI ARM Linker PC v20.2.7.LTS</banner>
   <copyright>Copyright (c) 1996-2018 Texas Instruments Incorporated</copyright>
   <link_time>0x66d4a151</link_time>
   <link_errors>0x0</link_errors>
   <output_file>Lab8.out</output_file>
   <entry_point>
      <name>_c_int00_noargs</name>
      <address>0x1d3d</address>
   </entry_point>
   <input_file_list>
      <input_file id="fl-2">
         <path>.\</path>
         <kind>object</kind>
         <file>ADCSWTrigger.obj</file>
         <name>ADCSWTrigger.obj</name>
      </input_file>
      <input_file id="fl-3">
         <path>.\</path>
         <kind>object</kind>
         <file>Bump.obj</file>
         <name>Bump.obj</name>
      </input_file>
      <input_file id="fl-4">
         <path>.\</path>
         <kind>object</kind>
         <file>CLI.obj</file>
         <name>CLI.obj</name>
      </input_file>
      <input_file id="fl-5">
         <path>.\</path>
         <kind>object</kind>
         <file>CortexM.obj</file>
         <name>CortexM.obj</name>
      </input_file>
      <input_file id="fl-6">
         <path>.\</path>
         <kind>object</kind>
         <file>I2C1.obj</file>
         <name>I2C1.obj</name>
      </input_file>
      <input_file id="fl-7">
         <path>.\</path>
         <kind>object</kind>
         <file>IRDistance.obj</file>
         <name>IRDistance.obj</name>
      </input_file>
      <input_file id="fl-8">
         <path>.\</path>
         <kind>object</kind>
         <file>InputCapture.obj</file>
         <name>InputCapture.obj</name>
      </input_file>
      <input_file id="fl-9">
         <path>.\</path>
         <kind>object</kind>
         <file>Lab8.obj</file>
         <name>Lab8.obj</name>
      </input_file>
      <input_file id="fl-a">
         <path>.\</path>
         <kind>object</kind>
         <file>LaunchPad.obj</file>
         <name>LaunchPad.obj</name>
      </input_file>
      <input_file id="fl-b">
         <path>.\</path>
         <kind>object</kind>
         <file>Motor.obj</file>
         <name>Motor.obj</name>
      </input_file>
      <input_file id="fl-c">
         <path>.\</path>
         <kind>object</kind>
         <file>MotorControl.obj</file>
         <name>MotorControl.obj</name>
      </input_file>
      <input_file id="fl-d">
         <path>.\</path>
         <kind>object</kind>
         <file>PLL.obj</file>
         <name>PLL.obj</name>
      </input_file>
      <input_file id="fl-e">
         <path>.\</path>
         <kind>object</kind>
         <file>SSD1306.obj</file>
         <name>SSD1306.obj</name>
      </input_file>
      <input_file id="fl-f">
         <path>.\</path>
         <kind>object</kind>
         <file>Tachometer.obj</file>
         <name>Tachometer.obj</name>
      </input_file>
      <input_file id="fl-10">
         <path>.\</path>
         <kind>object</kind>
         <file>Timer2A.obj</file>
         <name>Timer2A.obj</name>
      </input_file>
      <input_file id="fl-11">
         <path>.\</path>
         <kind>object</kind>
         <file>UART0int.obj</file>
         <name>UART0int.obj</name>
      </input_file>
      <input_file id="fl-12">
         <path>.\</path>
         <kind>object</kind>
         <file>tm4c123gh6pm_startup_ccs.obj</file>
         <name>tm4c123gh6pm_startup_ccs.obj</name>
      </input_file>
      <input_file id="fl-16">
         <kind>object</kind>
         <file>&lt;internal&gt;</file>
         <name>&lt;internal&gt;</name>
      </input_file>
      <input_file id="fl-cc">
         <path>C:\ti\ccs1280\ccs\tools\compiler\ti-cgt-arm_20.2.7.LTS\lib\</path>
         <kind>archive</kind>
         <file>rtsv7M4_T_le_v4SPD16_eabi.lib</file>
         <name>fopen.c.obj</name>
      </input_file>
      <input_file id="fl-cd">
         <path>C:\ti\ccs1280\ccs\tools\compiler\ti-cgt-arm_20.2.7.LTS\lib\</path>
         <kind>archive</kind>
         <file>rtsv7M4_T_le_v4SPD16_eabi.lib</file>
         <name>setvbuf.c.obj</name>
      </input_file>
      <input_file id="fl-ce">
         <path>C:\ti\ccs1280\ccs\tools\compiler\ti-cgt-arm_20.2.7.LTS\lib\</path>
         <kind>archive</kind>
         <file>rtsv7M4_T_le_v4SPD16_eabi.lib</file>
         <name>memset_t2.asm.obj</name>
      </input_file>
      <input_file id="fl-cf">
         <path>C:\ti\ccs1280\ccs\tools\compiler\ti-cgt-arm_20.2.7.LTS\lib\</path>
         <kind>archive</kind>
         <file>rtsv7M4_T_le_v4SPD16_eabi.lib</file>
         <name>copy_zero_init.c.obj</name>
      </input_file>
      <input_file id="fl-d0">
         <path>C:\ti\ccs1280\ccs\tools\compiler\ti-cgt-arm_20.2.7.LTS\lib\</path>
         <kind>archive</kind>
         <file>rtsv7M4_T_le_v4SPD16_eabi.lib</file>
         <name>copy_decompress_none.c.obj</name>
      </input_file>
      <input_file id="fl-d1">
         <path>C:\ti\ccs1280\ccs\tools\compiler\ti-cgt-arm_20.2.7.LTS\lib\</path>
         <kind>archive</kind>
         <file>rtsv7M4_T_le_v4SPD16_eabi.lib</file>
         <name>copy_decompress_lzss.c.obj</name>
      </input_file>
      <input_file id="fl-d2">
         <path>C:\ti\ccs1280\ccs\tools\compiler\ti-cgt-arm_20.2.7.LTS\lib\</path>
         <kind>archive</kind>
         <file>rtsv7M4_T_le_v4SPD16_eabi.lib</file>
         <name>exit.c.obj</name>
      </input_file>
      <input_file id="fl-d3">
         <path>C:\ti\ccs1280\ccs\tools\compiler\ti-cgt-arm_20.2.7.LTS\lib\</path>
         <kind>archive</kind>
         <file>rtsv7M4_T_le_v4SPD16_eabi.lib</file>
         <name>_lock.c.obj</name>
      </input_file>
      <input_file id="fl-d4">
         <path>C:\ti\ccs1280\ccs\tools\compiler\ti-cgt-arm_20.2.7.LTS\lib\</path>
         <kind>archive</kind>
         <file>rtsv7M4_T_le_v4SPD16_eabi.lib</file>
         <name>defs.c.obj</name>
      </input_file>
      <input_file id="fl-d5">
         <path>C:\ti\ccs1280\ccs\tools\compiler\ti-cgt-arm_20.2.7.LTS\lib\</path>
         <kind>archive</kind>
         <file>rtsv7M4_T_le_v4SPD16_eabi.lib</file>
         <name>memory.c.obj</name>
      </input_file>
      <input_file id="fl-d6">
         <path>C:\ti\ccs1280\ccs\tools\compiler\ti-cgt-arm_20.2.7.LTS\lib\</path>
         <kind>archive</kind>
         <file>rtsv7M4_T_le_v4SPD16_eabi.lib</file>
         <name>strcpy.c.obj</name>
      </input_file>
      <input_file id="fl-d7">
         <path>C:\ti\ccs1280\ccs\tools\compiler\ti-cgt-arm_20.2.7.LTS\lib\</path>
         <kind>archive</kind>
         <file>rtsv7M4_T_le_v4SPD16_eabi.lib</file>
         <name>boot_cortex_m.c.obj</name>
      </input_file>
      <input_file id="fl-d8">
         <path>C:\ti\ccs1280\ccs\tools\compiler\ti-cgt-arm_20.2.7.LTS\lib\</path>
         <kind>archive</kind>
         <file>rtsv7M4_T_le_v4SPD16_eabi.lib</file>
         <name>open.c.obj</name>
      </input_file>
      <input_file id="fl-d9">
         <path>C:\ti\ccs1280\ccs\tools\compiler\ti-cgt-arm_20.2.7.LTS\lib\</path>
         <kind>archive</kind>
         <file>rtsv7M4_T_le_v4SPD16_eabi.lib</file>
         <name>add_device.c.obj</name>
      </input_file>
      <input_file id="fl-da">
         <path>C:\ti\ccs1280\ccs\tools\compiler\ti-cgt-arm_20.2.7.LTS\lib\</path>
         <kind>archive</kind>
         <file>rtsv7M4_T_le_v4SPD16_eabi.lib</file>
         <name>fclose.c.obj</name>
      </input_file>
      <input_file id="fl-db">
         <path>C:\ti\ccs1280\ccs\tools\compiler\ti-cgt-arm_20.2.7.LTS\lib\</path>
         <kind>archive</kind>
         <file>rtsv7M4_T_le_v4SPD16_eabi.lib</file>
         <name>fflush.c.obj</name>
      </input_file>
      <input_file id="fl-dc">
         <path>C:\ti\ccs1280\ccs\tools\compiler\ti-cgt-arm_20.2.7.LTS\lib\</path>
         <kind>archive</kind>
         <file>rtsv7M4_T_le_v4SPD16_eabi.lib</file>
         <name>getdevice.c.obj</name>
      </input_file>
      <input_file id="fl-dd">
         <path>C:\ti\ccs1280\ccs\tools\compiler\ti-cgt-arm_20.2.7.LTS\lib\</path>
         <kind>archive</kind>
         <file>rtsv7M4_T_le_v4SPD16_eabi.lib</file>
         <name>memcpy_t2.asm.obj</name>
      </input_file>
      <input_file id="fl-de">
         <path>C:\ti\ccs1280\ccs\tools\compiler\ti-cgt-arm_20.2.7.LTS\lib\</path>
         <kind>archive</kind>
         <file>rtsv7M4_T_le_v4SPD16_eabi.lib</file>
         <name>autoinit.c.obj</name>
      </input_file>
      <input_file id="fl-df">
         <path>C:\ti\ccs1280\ccs\tools\compiler\ti-cgt-arm_20.2.7.LTS\lib\</path>
         <kind>archive</kind>
         <file>rtsv7M4_T_le_v4SPD16_eabi.lib</file>
         <name>pre_init.c.obj</name>
      </input_file>
      <input_file id="fl-e0">
         <path>C:\ti\ccs1280\ccs\tools\compiler\ti-cgt-arm_20.2.7.LTS\lib\</path>
         <kind>archive</kind>
         <file>rtsv7M4_T_le_v4SPD16_eabi.lib</file>
         <name>cpy_tbl.c.obj</name>
      </input_file>
      <input_file id="fl-e1">
         <path>C:\ti\ccs1280\ccs\tools\compiler\ti-cgt-arm_20.2.7.LTS\lib\</path>
         <kind>archive</kind>
         <file>rtsv7M4_T_le_v4SPD16_eabi.lib</file>
         <name>args_main.c.obj</name>
      </input_file>
      <input_file id="fl-e2">
         <path>C:\ti\ccs1280\ccs\tools\compiler\ti-cgt-arm_20.2.7.LTS\lib\</path>
         <kind>archive</kind>
         <file>rtsv7M4_T_le_v4SPD16_eabi.lib</file>
         <name>strchr.c.obj</name>
      </input_file>
      <input_file id="fl-e3">
         <path>C:\ti\ccs1280\ccs\tools\compiler\ti-cgt-arm_20.2.7.LTS\lib\</path>
         <kind>archive</kind>
         <file>rtsv7M4_T_le_v4SPD16_eabi.lib</file>
         <name>strcmp.c.obj</name>
      </input_file>
      <input_file id="fl-e4">
         <path>C:\ti\ccs1280\ccs\tools\compiler\ti-cgt-arm_20.2.7.LTS\lib\</path>
         <kind>archive</kind>
         <file>rtsv7M4_T_le_v4SPD16_eabi.lib</file>
         <name>strncpy.c.obj</name>
      </input_file>
      <input_file id="fl-e5">
         <path>C:\ti\ccs1280\ccs\tools\compiler\ti-cgt-arm_20.2.7.LTS\lib\</path>
         <kind>archive</kind>
         <file>rtsv7M4_T_le_v4SPD16_eabi.lib</file>
         <name>write.c.obj</name>
      </input_file>
      <input_file id="fl-e6">
         <path>C:\ti\ccs1280\ccs\tools\compiler\ti-cgt-arm_20.2.7.LTS\lib\</path>
         <kind>archive</kind>
         <file>rtsv7M4_T_le_v4SPD16_eabi.lib</file>
         <name>host_device.c.obj</name>
      </input_file>
      <input_file id="fl-e7">
         <path>C:\ti\ccs1280\ccs\tools\compiler\ti-cgt-arm_20.2.7.LTS\lib\</path>
         <kind>archive</kind>
         <file>rtsv7M4_T_le_v4SPD16_eabi.lib</file>
         <name>remove.c.obj</name>
      </input_file>
      <input_file id="fl-e8">
         <path>C:\ti\ccs1280\ccs\tools\compiler\ti-cgt-arm_20.2.7.LTS\lib\</path>
         <kind>archive</kind>
         <file>rtsv7M4_T_le_v4SPD16_eabi.lib</file>
         <name>close.c.obj</name>
      </input_file>
      <input_file id="fl-e9">
         <path>C:\ti\ccs1280\ccs\tools\compiler\ti-cgt-arm_20.2.7.LTS\lib\</path>
         <kind>archive</kind>
         <file>rtsv7M4_T_le_v4SPD16_eabi.lib</file>
         <name>unlink.c.obj</name>
      </input_file>
      <input_file id="fl-ea">
         <path>C:\ti\ccs1280\ccs\tools\compiler\ti-cgt-arm_20.2.7.LTS\lib\</path>
         <kind>archive</kind>
         <file>rtsv7M4_T_le_v4SPD16_eabi.lib</file>
         <name>hostclose.c.obj</name>
      </input_file>
      <input_file id="fl-eb">
         <path>C:\ti\ccs1280\ccs\tools\compiler\ti-cgt-arm_20.2.7.LTS\lib\</path>
         <kind>archive</kind>
         <file>rtsv7M4_T_le_v4SPD16_eabi.lib</file>
         <name>hostlseek.c.obj</name>
      </input_file>
      <input_file id="fl-ec">
         <path>C:\ti\ccs1280\ccs\tools\compiler\ti-cgt-arm_20.2.7.LTS\lib\</path>
         <kind>archive</kind>
         <file>rtsv7M4_T_le_v4SPD16_eabi.lib</file>
         <name>hostopen.c.obj</name>
      </input_file>
      <input_file id="fl-ed">
         <path>C:\ti\ccs1280\ccs\tools\compiler\ti-cgt-arm_20.2.7.LTS\lib\</path>
         <kind>archive</kind>
         <file>rtsv7M4_T_le_v4SPD16_eabi.lib</file>
         <name>hostread.c.obj</name>
      </input_file>
      <input_file id="fl-ee">
         <path>C:\ti\ccs1280\ccs\tools\compiler\ti-cgt-arm_20.2.7.LTS\lib\</path>
         <kind>archive</kind>
         <file>rtsv7M4_T_le_v4SPD16_eabi.lib</file>
         <name>hostrename.c.obj</name>
      </input_file>
      <input_file id="fl-ef">
         <path>C:\ti\ccs1280\ccs\tools\compiler\ti-cgt-arm_20.2.7.LTS\lib\</path>
         <kind>archive</kind>
         <file>rtsv7M4_T_le_v4SPD16_eabi.lib</file>
         <name>hostunlink.c.obj</name>
      </input_file>
      <input_file id="fl-f0">
         <path>C:\ti\ccs1280\ccs\tools\compiler\ti-cgt-arm_20.2.7.LTS\lib\</path>
         <kind>archive</kind>
         <file>rtsv7M4_T_le_v4SPD16_eabi.lib</file>
         <name>hostwrite.c.obj</name>
      </input_file>
      <input_file id="fl-f1">
         <path>C:\ti\ccs1280\ccs\tools\compiler\ti-cgt-arm_20.2.7.LTS\lib\</path>
         <kind>archive</kind>
         <file>rtsv7M4_T_le_v4SPD16_eabi.lib</file>
         <name>trgmsg.c.obj</name>
      </input_file>
      <input_file id="fl-f2">
         <path>C:\ti\ccs1280\ccs\tools\compiler\ti-cgt-arm_20.2.7.LTS\lib\</path>
         <kind>archive</kind>
         <file>rtsv7M4_T_le_v4SPD16_eabi.lib</file>
         <name>strlen.c.obj</name>
      </input_file>
   </input_file_list>
   <object_component_list>
      <object_component id="oc-12">
         <name>.intvecs</name>
         <load_address>0x0</load_address>
         <run_address>0x0</run_address>
         <size>0x26c</size>
         <input_file_ref idref="fl-12"/>
      </object_component>
      <object_component id="oc-30">
         <name>.text</name>
         <load_address>0x26c</load_address>
         <run_address>0x26c</run_address>
         <size>0x95c</size>
         <input_file_ref idref="fl-11"/>
      </object_component>
      <object_component id="oc-36">
         <name>.text</name>
         <load_address>0xbc8</load_address>
         <run_address>0xbc8</run_address>
         <size>0x21c</size>
         <input_file_ref idref="fl-8"/>
      </object_component>
      <object_component id="oc-2a">
         <name>.text</name>
         <load_address>0xde4</load_address>
         <run_address>0xde4</run_address>
         <size>0x112</size>
         <input_file_ref idref="fl-12"/>
      </object_component>
      <object_component id="oc-1d5">
         <name>.text:_nop</name>
         <load_address>0xef6</load_address>
         <run_address>0xef6</run_address>
         <size>0x2</size>
         <input_file_ref idref="fl-d3"/>
      </object_component>
      <object_component id="oc-135">
         <name>.text:_openfile</name>
         <load_address>0xef8</load_address>
         <run_address>0xef8</run_address>
         <size>0x110</size>
         <input_file_ref idref="fl-cc"/>
      </object_component>
      <object_component id="oc-24a">
         <name>.text:aligned_alloc</name>
         <load_address>0x1008</load_address>
         <run_address>0x1008</run_address>
         <size>0x100</size>
         <input_file_ref idref="fl-d5"/>
      </object_component>
      <object_component id="oc-148">
         <name>.text:free</name>
         <load_address>0x1108</load_address>
         <run_address>0x1108</run_address>
         <size>0xe4</size>
         <input_file_ref idref="fl-d5"/>
      </object_component>
      <object_component id="oc-ab">
         <name>.text:setvbuf</name>
         <load_address>0x11ec</load_address>
         <run_address>0x11ec</run_address>
         <size>0xdc</size>
         <input_file_ref idref="fl-cd"/>
      </object_component>
      <object_component id="oc-3c">
         <name>.text</name>
         <load_address>0x12c8</load_address>
         <run_address>0x12c8</run_address>
         <size>0xbc</size>
         <input_file_ref idref="fl-10"/>
      </object_component>
      <object_component id="oc-218">
         <name>.text:open</name>
         <load_address>0x1384</load_address>
         <run_address>0x1384</run_address>
         <size>0xbc</size>
         <input_file_ref idref="fl-d8"/>
      </object_component>
      <object_component id="oc-99">
         <name>.text:add_device</name>
         <load_address>0x1440</load_address>
         <run_address>0x1440</run_address>
         <size>0xb8</size>
         <input_file_ref idref="fl-d9"/>
      </object_component>
      <object_component id="oc-9f">
         <name>.text:fopen</name>
         <load_address>0x14f8</load_address>
         <run_address>0x14f8</run_address>
         <size>0x9c</size>
         <input_file_ref idref="fl-cc"/>
      </object_component>
      <object_component id="oc-50">
         <name>.text</name>
         <load_address>0x1594</load_address>
         <run_address>0x1594</run_address>
         <size>0x9c</size>
         <input_file_ref idref="fl-dd"/>
      </object_component>
      <object_component id="oc-183">
         <name>.text</name>
         <load_address>0x1630</load_address>
         <run_address>0x1630</run_address>
         <size>0x88</size>
         <input_file_ref idref="fl-d"/>
      </object_component>
      <object_component id="oc-e4">
         <name>.text</name>
         <load_address>0x16b8</load_address>
         <run_address>0x16b8</run_address>
         <size>0x7a</size>
         <input_file_ref idref="fl-ce"/>
      </object_component>
      <object_component id="oc-141">
         <name>.text:__TI_closefile</name>
         <load_address>0x1734</load_address>
         <run_address>0x1734</run_address>
         <size>0x74</size>
         <input_file_ref idref="fl-da"/>
      </object_component>
      <object_component id="oc-2c8">
         <name>.text:split</name>
         <load_address>0x17a8</load_address>
         <run_address>0x17a8</run_address>
         <size>0x70</size>
         <input_file_ref idref="fl-d5"/>
      </object_component>
      <object_component id="oc-203">
         <name>.text:HOSTrename</name>
         <load_address>0x1818</load_address>
         <run_address>0x1818</run_address>
         <size>0x6c</size>
         <input_file_ref idref="fl-ee"/>
      </object_component>
      <object_component id="oc-1f7">
         <name>.text:HOSTlseek</name>
         <load_address>0x1884</load_address>
         <run_address>0x1884</run_address>
         <size>0x68</size>
         <input_file_ref idref="fl-eb"/>
      </object_component>
      <object_component id="oc-15">
         <name>.text:decompress:lzss:__TI_decompress_lzss</name>
         <load_address>0x18ec</load_address>
         <run_address>0x18ec</run_address>
         <size>0x68</size>
         <input_file_ref idref="fl-d1"/>
      </object_component>
      <object_component id="oc-1df">
         <name>.text:HOSTopen</name>
         <load_address>0x1954</load_address>
         <run_address>0x1954</run_address>
         <size>0x60</size>
         <input_file_ref idref="fl-ec"/>
      </object_component>
      <object_component id="oc-22e">
         <name>.text:close</name>
         <load_address>0x19b4</load_address>
         <run_address>0x19b4</run_address>
         <size>0x5c</size>
         <input_file_ref idref="fl-e8"/>
      </object_component>
      <object_component id="oc-1eb">
         <name>.text:HOSTread</name>
         <load_address>0x1a10</load_address>
         <run_address>0x1a10</run_address>
         <size>0x58</size>
         <input_file_ref idref="fl-ed"/>
      </object_component>
      <object_component id="oc-1f1">
         <name>.text:HOSTwrite</name>
         <load_address>0x1a68</load_address>
         <run_address>0x1a68</run_address>
         <size>0x58</size>
         <input_file_ref idref="fl-f0"/>
      </object_component>
      <object_component id="oc-228">
         <name>.text:__TI_doflush</name>
         <load_address>0x1ac0</load_address>
         <run_address>0x1ac0</run_address>
         <size>0x4c</size>
         <input_file_ref idref="fl-db"/>
      </object_component>
      <object_component id="oc-190">
         <name>.text:exit</name>
         <load_address>0x1b0c</load_address>
         <run_address>0x1b0c</run_address>
         <size>0x48</size>
         <input_file_ref idref="fl-d2"/>
      </object_component>
      <object_component id="oc-1e5">
         <name>.text:HOSTclose</name>
         <load_address>0x1b54</load_address>
         <run_address>0x1b54</run_address>
         <size>0x44</size>
         <input_file_ref idref="fl-ea"/>
      </object_component>
      <object_component id="oc-1fd">
         <name>.text:HOSTunlink</name>
         <load_address>0x1b98</load_address>
         <run_address>0x1b98</run_address>
         <size>0x44</size>
         <input_file_ref idref="fl-ef"/>
      </object_component>
      <object_component id="oc-196">
         <name>.text:__TI_auto_init_nobinit_nopinit:__TI_auto_init_nobinit_nopinit</name>
         <load_address>0x1bdc</load_address>
         <run_address>0x1bdc</run_address>
         <size>0x44</size>
         <input_file_ref idref="fl-de"/>
      </object_component>
      <object_component id="oc-2a9">
         <name>.text:getdevice</name>
         <load_address>0x1c20</load_address>
         <run_address>0x1c20</run_address>
         <size>0x44</size>
         <input_file_ref idref="fl-dc"/>
      </object_component>
      <object_component id="oc-286">
         <name>.text:__TI_writemsg</name>
         <load_address>0x1c64</load_address>
         <run_address>0x1c64</run_address>
         <size>0x38</size>
         <input_file_ref idref="fl-f1"/>
      </object_component>
      <object_component id="oc-126">
         <name>.text:strncpy</name>
         <load_address>0x1c9c</load_address>
         <run_address>0x1c9c</run_address>
         <size>0x36</size>
         <input_file_ref idref="fl-e4"/>
      </object_component>
      <object_component id="oc-157">
         <name>.text:__TI_cleanup</name>
         <load_address>0x1cd4</load_address>
         <run_address>0x1cd4</run_address>
         <size>0x34</size>
         <input_file_ref idref="fl-cc"/>
      </object_component>
      <object_component id="oc-28c">
         <name>.text:__TI_readmsg</name>
         <load_address>0x1d08</load_address>
         <run_address>0x1d08</run_address>
         <size>0x34</size>
         <input_file_ref idref="fl-f1"/>
      </object_component>
      <object_component id="oc-6e">
         <name>.text:_c_int00_noargs:_c_int00_noargs</name>
         <load_address>0x1d3c</load_address>
         <run_address>0x1d3c</run_address>
         <size>0x34</size>
         <input_file_ref idref="fl-d7"/>
      </object_component>
      <object_component id="oc-a5">
         <name>.text:freopen</name>
         <load_address>0x1d70</load_address>
         <run_address>0x1d70</run_address>
         <size>0x34</size>
         <input_file_ref idref="fl-cc"/>
      </object_component>
      <object_component id="oc-120">
         <name>.text:finddevice</name>
         <load_address>0x1da4</load_address>
         <run_address>0x1da4</run_address>
         <size>0x30</size>
         <input_file_ref idref="fl-dc"/>
      </object_component>
      <object_component id="oc-234">
         <name>.text:unlink</name>
         <load_address>0x1dd4</load_address>
         <run_address>0x1dd4</run_address>
         <size>0x2c</size>
         <input_file_ref idref="fl-e9"/>
      </object_component>
      <object_component id="oc-243">
         <name>.text:free_list_insert</name>
         <load_address>0x1e00</load_address>
         <run_address>0x1e00</run_address>
         <size>0x28</size>
         <input_file_ref idref="fl-d5"/>
      </object_component>
      <object_component id="oc-2b5">
         <name>.text:write</name>
         <load_address>0x1e28</load_address>
         <run_address>0x1e28</run_address>
         <size>0x28</size>
         <input_file_ref idref="fl-e5"/>
      </object_component>
      <object_component id="oc-23d">
         <name>.text:free_list_remove</name>
         <load_address>0x1e50</load_address>
         <run_address>0x1e50</run_address>
         <size>0x1c</size>
         <input_file_ref idref="fl-d5"/>
      </object_component>
      <object_component id="oc-1cb">
         <name>.text:strcmp</name>
         <load_address>0x1e6c</load_address>
         <run_address>0x1e6c</run_address>
         <size>0x18</size>
         <input_file_ref idref="fl-e3"/>
      </object_component>
      <object_component id="oc-2fc">
         <name>.text:strchr</name>
         <load_address>0x1e84</load_address>
         <run_address>0x1e84</run_address>
         <size>0x16</size>
         <input_file_ref idref="fl-e2"/>
      </object_component>
      <object_component id="oc-93">
         <name>.text:strcpy</name>
         <load_address>0x1e9a</load_address>
         <run_address>0x1e9a</run_address>
         <size>0x14</size>
         <input_file_ref idref="fl-d6"/>
      </object_component>
      <object_component id="oc-280">
         <name>.text:strlen</name>
         <load_address>0x1eae</load_address>
         <run_address>0x1eae</run_address>
         <size>0x14</size>
         <input_file_ref idref="fl-f2"/>
      </object_component>
      <object_component id="oc-f0">
         <name>.text</name>
         <load_address>0x1ec2</load_address>
         <run_address>0x1ec2</run_address>
         <size>0x12</size>
         <input_file_ref idref="fl-9"/>
      </object_component>
      <object_component id="oc-1b">
         <name>.text:decompress:none:__TI_decompress_none</name>
         <load_address>0x1ed4</load_address>
         <run_address>0x1ed4</run_address>
         <size>0xe</size>
         <input_file_ref idref="fl-d0"/>
      </object_component>
      <object_component id="oc-62">
         <name>.text:decompress:ZI:__TI_zero_init</name>
         <load_address>0x1ee2</load_address>
         <run_address>0x1ee2</run_address>
         <size>0xc</size>
         <input_file_ref idref="fl-cf"/>
      </object_component>
      <object_component id="oc-14e">
         <name>.text:malloc</name>
         <load_address>0x1eee</load_address>
         <run_address>0x1eee</run_address>
         <size>0x8</size>
         <input_file_ref idref="fl-d5"/>
      </object_component>
      <object_component id="oc-ea">
         <name>.text:_system_pre_init</name>
         <load_address>0x1ef6</load_address>
         <run_address>0x1ef6</run_address>
         <size>0x4</size>
         <input_file_ref idref="fl-df"/>
      </object_component>
      <object_component id="oc-18a">
         <name>.text:abort:abort</name>
         <load_address>0x1efa</load_address>
         <run_address>0x1efa</run_address>
         <size>0x4</size>
         <input_file_ref idref="fl-d2"/>
      </object_component>
      <object_component id="oc-355">
         <name>.cinit..data.load</name>
         <load_address>0x1f00</load_address>
         <run_address>0x1f00</run_address>
         <size>0x6a</size>
      </object_component>
      <object_component id="oc-353">
         <name>__TI_handler_table</name>
         <load_address>0x1f6c</load_address>
         <run_address>0x1f6c</run_address>
         <size>0xc</size>
      </object_component>
      <object_component id="oc-356">
         <name>.cinit..bss.load</name>
         <load_address>0x1f78</load_address>
         <run_address>0x1f78</run_address>
         <size>0x8</size>
      </object_component>
      <object_component id="oc-354">
         <name>__TI_cinit_table</name>
         <load_address>0x1f80</load_address>
         <run_address>0x1f80</run_address>
         <size>0x10</size>
      </object_component>
      <object_component id="oc-13b">
         <name>.data</name>
         <load_address>0x20000dd0</load_address>
         <run_address>0x20000dd0</run_address>
         <size>0x4</size>
         <input_file_ref idref="fl-cc"/>
      </object_component>
      <object_component id="oc-154">
         <name>.data:$O1$$</name>
         <load_address>0x20000db0</load_address>
         <run_address>0x20000db0</run_address>
         <size>0xc</size>
         <input_file_ref idref="fl-d2"/>
      </object_component>
      <object_component id="oc-12c">
         <name>.data:$O1$$</name>
         <load_address>0x20000dbc</load_address>
         <run_address>0x20000dbc</run_address>
         <size>0x8</size>
         <input_file_ref idref="fl-d3"/>
      </object_component>
      <object_component id="oc-b1">
         <name>.data:_ftable</name>
         <load_address>0x20000be8</load_address>
         <run_address>0x20000be8</run_address>
         <size>0xf0</size>
         <input_file_ref idref="fl-d4"/>
      </object_component>
      <object_component id="oc-13c">
         <name>.data</name>
         <load_address>0x20000da0</load_address>
         <run_address>0x20000da0</run_address>
         <size>0x10</size>
         <input_file_ref idref="fl-d4"/>
      </object_component>
      <object_component id="oc-2c3">
         <name>.data:$O1$$</name>
         <load_address>0x20000dc4</load_address>
         <run_address>0x20000dc4</run_address>
         <size>0x8</size>
         <input_file_ref idref="fl-d5"/>
      </object_component>
      <object_component id="oc-2af">
         <name>.data</name>
         <load_address>0x20000dd4</load_address>
         <run_address>0x20000dd4</run_address>
         <size>0x4</size>
         <input_file_ref idref="fl-d8"/>
      </object_component>
      <object_component id="oc-12f">
         <name>.data</name>
         <load_address>0x20000dcc</load_address>
         <run_address>0x20000dcc</run_address>
         <size>0x4</size>
         <input_file_ref idref="fl-d9"/>
      </object_component>
      <object_component id="oc-130">
         <name>.data:_device</name>
         <load_address>0x20000cd8</load_address>
         <run_address>0x20000cd8</run_address>
         <size>0x78</size>
         <input_file_ref idref="fl-e6"/>
      </object_component>
      <object_component id="oc-2b0">
         <name>.data:_stream</name>
         <load_address>0x20000d50</load_address>
         <run_address>0x20000d50</run_address>
         <size>0x50</size>
         <input_file_ref idref="fl-e6"/>
      </object_component>
      <object_component id="oc-8b">
         <name>.bss:RxFifo</name>
         <uninitialized>true</uninitialized>
         <run_address>0x20000000</run_address>
         <size>0x400</size>
         <input_file_ref idref="fl-11"/>
      </object_component>
      <object_component id="oc-90">
         <name>.bss:TxFifo</name>
         <uninitialized>true</uninitialized>
         <run_address>0x20000400</run_address>
         <size>0x400</size>
         <input_file_ref idref="fl-11"/>
      </object_component>
      <object_component id="oc-2e8">
         <name>.bss:_CIOBUF_</name>
         <uninitialized>true</uninitialized>
         <run_address>0x20000800</run_address>
         <size>0x120</size>
         <input_file_ref idref="fl-f1"/>
      </object_component>
      <object_component id="oc-bf">
         <name>.common:PeriodicTask0B</name>
         <uninitialized>true</uninitialized>
         <run_address>0x200009c8</run_address>
         <size>0x4</size>
      </object_component>
      <object_component id="oc-c2">
         <name>.common:PeriodicTask3A</name>
         <uninitialized>true</uninitialized>
         <run_address>0x200009d0</run_address>
         <size>0x4</size>
      </object_component>
      <object_component id="oc-c4">
         <name>.common:PeriodicTask2</name>
         <uninitialized>true</uninitialized>
         <run_address>0x200009cc</run_address>
         <size>0x4</size>
      </object_component>
      <object_component id="oc-87">
         <name>.common:RxPutI</name>
         <uninitialized>true</uninitialized>
         <run_address>0x200009d8</run_address>
         <size>0x4</size>
      </object_component>
      <object_component id="oc-8a">
         <name>.common:RxGetI</name>
         <uninitialized>true</uninitialized>
         <run_address>0x200009d4</run_address>
         <size>0x4</size>
      </object_component>
      <object_component id="oc-8f">
         <name>.common:TxPutI</name>
         <uninitialized>true</uninitialized>
         <run_address>0x200009e0</run_address>
         <size>0x4</size>
      </object_component>
      <object_component id="oc-8e">
         <name>.common:TxGetI</name>
         <uninitialized>true</uninitialized>
         <run_address>0x200009dc</run_address>
         <size>0x4</size>
      </object_component>
      <object_component id="oc-23a">
         <name>.common:__TI_tmpnams</name>
         <uninitialized>true</uninitialized>
         <run_address>0x20000920</run_address>
         <size>0xa0</size>
      </object_component>
      <object_component id="oc-292">
         <name>.common:parmbuf</name>
         <uninitialized>true</uninitialized>
         <run_address>0x200009c0</run_address>
         <size>0x8</size>
      </object_component>
      <object_component id="oc-24">
         <name>.sysmem</name>
         <uninitialized>true</uninitialized>
         <run_address>0x20000dd8</run_address>
         <size>0x10</size>
         <input_file_ref idref="fl-d5"/>
      </object_component>
      <object_component id="oc-359">
         <name>.sysmem</name>
         <uninitialized>true</uninitialized>
         <run_address>0x20000dd8</run_address>
         <size>0x0</size>
      </object_component>
      <object_component id="oc-27">
         <name>.stack</name>
         <uninitialized>true</uninitialized>
         <run_address>0x200009e8</run_address>
         <size>0x4</size>
         <input_file_ref idref="fl-d7"/>
      </object_component>
      <object_component id="oc-358">
         <name>.stack</name>
         <uninitialized>true</uninitialized>
         <run_address>0x200009e8</run_address>
         <size>0x0</size>
      </object_component>
      <object_component id="oc-171">
         <name>.debug_info</name>
         <load_address>0x0</load_address>
         <run_address>0x0</run_address>
         <size>0x332</size>
         <input_file_ref idref="fl-2"/>
      </object_component>
      <object_component id="oc-ca">
         <name>.debug_info</name>
         <load_address>0x332</load_address>
         <run_address>0x332</run_address>
         <size>0x26b</size>
         <input_file_ref idref="fl-2"/>
      </object_component>
      <object_component id="oc-4b">
         <name>.debug_info</name>
         <load_address>0x59d</load_address>
         <run_address>0x59d</run_address>
         <size>0x84</size>
         <input_file_ref idref="fl-2"/>
      </object_component>
      <object_component id="oc-168">
         <name>.debug_info</name>
         <load_address>0x621</load_address>
         <run_address>0x621</run_address>
         <size>0x2a4</size>
         <input_file_ref idref="fl-2"/>
      </object_component>
      <object_component id="oc-b5">
         <name>.debug_info</name>
         <load_address>0x8c5</load_address>
         <run_address>0x8c5</run_address>
         <size>0xbb</size>
         <input_file_ref idref="fl-2"/>
      </object_component>
      <object_component id="oc-1c8">
         <name>.debug_info</name>
         <load_address>0x980</load_address>
         <run_address>0x980</run_address>
         <size>0x126</size>
         <input_file_ref idref="fl-4"/>
      </object_component>
      <object_component id="oc-110">
         <name>.debug_info</name>
         <load_address>0xaa6</load_address>
         <run_address>0xaa6</run_address>
         <size>0xcc</size>
         <input_file_ref idref="fl-4"/>
      </object_component>
      <object_component id="oc-115">
         <name>.debug_info</name>
         <load_address>0xb72</load_address>
         <run_address>0xb72</run_address>
         <size>0x35</size>
         <input_file_ref idref="fl-4"/>
      </object_component>
      <object_component id="oc-c0">
         <name>.debug_info</name>
         <load_address>0xba7</load_address>
         <run_address>0xba7</run_address>
         <size>0x36d</size>
         <input_file_ref idref="fl-8"/>
      </object_component>
      <object_component id="oc-37">
         <name>.debug_info</name>
         <load_address>0xf14</load_address>
         <run_address>0xf14</run_address>
         <size>0x5bc</size>
         <input_file_ref idref="fl-8"/>
      </object_component>
      <object_component id="oc-f1">
         <name>.debug_info</name>
         <load_address>0x14d0</load_address>
         <run_address>0x14d0</run_address>
         <size>0x15a</size>
         <input_file_ref idref="fl-9"/>
      </object_component>
      <object_component id="oc-184">
         <name>.debug_info</name>
         <load_address>0x162a</load_address>
         <run_address>0x162a</run_address>
         <size>0x23f</size>
         <input_file_ref idref="fl-d"/>
      </object_component>
      <object_component id="oc-c5">
         <name>.debug_info</name>
         <load_address>0x1869</load_address>
         <run_address>0x1869</run_address>
         <size>0x310</size>
         <input_file_ref idref="fl-10"/>
      </object_component>
      <object_component id="oc-3d">
         <name>.debug_info</name>
         <load_address>0x1b79</load_address>
         <run_address>0x1b79</run_address>
         <size>0x4ac</size>
         <input_file_ref idref="fl-10"/>
      </object_component>
      <object_component id="oc-88">
         <name>.debug_info</name>
         <load_address>0x2025</load_address>
         <run_address>0x2025</run_address>
         <size>0x59a</size>
         <input_file_ref idref="fl-11"/>
      </object_component>
      <object_component id="oc-8c">
         <name>.debug_info</name>
         <load_address>0x25bf</load_address>
         <run_address>0x25bf</run_address>
         <size>0x14e</size>
         <input_file_ref idref="fl-11"/>
      </object_component>
      <object_component id="oc-91">
         <name>.debug_info</name>
         <load_address>0x270d</load_address>
         <run_address>0x270d</run_address>
         <size>0x14e</size>
         <input_file_ref idref="fl-11"/>
      </object_component>
      <object_component id="oc-33">
         <name>.debug_info</name>
         <load_address>0x285b</load_address>
         <run_address>0x285b</run_address>
         <size>0x30cb</size>
         <input_file_ref idref="fl-11"/>
      </object_component>
      <object_component id="oc-ba">
         <name>.debug_info</name>
         <load_address>0x5926</load_address>
         <run_address>0x5926</run_address>
         <size>0x2c</size>
         <input_file_ref idref="fl-11"/>
      </object_component>
      <object_component id="oc-44">
         <name>.debug_info</name>
         <load_address>0x5952</load_address>
         <run_address>0x5952</run_address>
         <size>0x2d9</size>
         <input_file_ref idref="fl-12"/>
      </object_component>
      <object_component id="oc-13">
         <name>.debug_info</name>
         <load_address>0x5c2b</load_address>
         <run_address>0x5c2b</run_address>
         <size>0x118</size>
         <input_file_ref idref="fl-12"/>
      </object_component>
      <object_component id="oc-2b">
         <name>.debug_info</name>
         <load_address>0x5d43</load_address>
         <run_address>0x5d43</run_address>
         <size>0x39f3</size>
         <input_file_ref idref="fl-12"/>
      </object_component>
      <object_component id="oc-140">
         <name>.debug_info</name>
         <load_address>0x9736</load_address>
         <run_address>0x9736</run_address>
         <size>0x3f5</size>
         <input_file_ref idref="fl-cc"/>
      </object_component>
      <object_component id="oc-136">
         <name>.debug_info</name>
         <load_address>0x9b2b</load_address>
         <run_address>0x9b2b</run_address>
         <size>0x20e</size>
         <input_file_ref idref="fl-cc"/>
      </object_component>
      <object_component id="oc-15a">
         <name>.debug_info</name>
         <load_address>0x9d39</load_address>
         <run_address>0x9d39</run_address>
         <size>0x176</size>
         <input_file_ref idref="fl-cc"/>
      </object_component>
      <object_component id="oc-a6">
         <name>.debug_info</name>
         <load_address>0x9eaf</load_address>
         <run_address>0x9eaf</run_address>
         <size>0x1e4</size>
         <input_file_ref idref="fl-cc"/>
      </object_component>
      <object_component id="oc-a0">
         <name>.debug_info</name>
         <load_address>0xa093</load_address>
         <run_address>0xa093</run_address>
         <size>0x1cd</size>
         <input_file_ref idref="fl-cc"/>
      </object_component>
      <object_component id="oc-104">
         <name>.debug_info</name>
         <load_address>0xa260</load_address>
         <run_address>0xa260</run_address>
         <size>0x2c</size>
         <input_file_ref idref="fl-cc"/>
      </object_component>
      <object_component id="oc-223">
         <name>.debug_info</name>
         <load_address>0xa28c</load_address>
         <run_address>0xa28c</run_address>
         <size>0xb2</size>
         <input_file_ref idref="fl-cc"/>
      </object_component>
      <object_component id="oc-15e">
         <name>.debug_info</name>
         <load_address>0xa33e</load_address>
         <run_address>0xa33e</run_address>
         <size>0x374</size>
         <input_file_ref idref="fl-cd"/>
      </object_component>
      <object_component id="oc-ac">
         <name>.debug_info</name>
         <load_address>0xa6b2</load_address>
         <run_address>0xa6b2</run_address>
         <size>0x20b</size>
         <input_file_ref idref="fl-cd"/>
      </object_component>
      <object_component id="oc-15f">
         <name>.debug_info</name>
         <load_address>0xa8bd</load_address>
         <run_address>0xa8bd</run_address>
         <size>0xbf</size>
         <input_file_ref idref="fl-cd"/>
      </object_component>
      <object_component id="oc-e5">
         <name>.debug_info</name>
         <load_address>0xa97c</load_address>
         <run_address>0xa97c</run_address>
         <size>0x147</size>
         <input_file_ref idref="fl-ce"/>
      </object_component>
      <object_component id="oc-e3">
         <name>.debug_info</name>
         <load_address>0xaac3</load_address>
         <run_address>0xaac3</run_address>
         <size>0x2d4</size>
         <input_file_ref idref="fl-cf"/>
      </object_component>
      <object_component id="oc-66">
         <name>.debug_info</name>
         <load_address>0xad97</load_address>
         <run_address>0xad97</run_address>
         <size>0x1b5</size>
         <input_file_ref idref="fl-cf"/>
      </object_component>
      <object_component id="oc-de">
         <name>.debug_info</name>
         <load_address>0xaf4c</load_address>
         <run_address>0xaf4c</run_address>
         <size>0x46</size>
         <input_file_ref idref="fl-cf"/>
      </object_component>
      <object_component id="oc-17a">
         <name>.debug_info</name>
         <load_address>0xaf92</load_address>
         <run_address>0xaf92</run_address>
         <size>0x2c</size>
         <input_file_ref idref="fl-cf"/>
      </object_component>
      <object_component id="oc-5b">
         <name>.debug_info</name>
         <load_address>0xafbe</load_address>
         <run_address>0xafbe</run_address>
         <size>0x2a8</size>
         <input_file_ref idref="fl-d0"/>
      </object_component>
      <object_component id="oc-1c">
         <name>.debug_info</name>
         <load_address>0xb266</load_address>
         <run_address>0xb266</run_address>
         <size>0x1ea</size>
         <input_file_ref idref="fl-d0"/>
      </object_component>
      <object_component id="oc-56">
         <name>.debug_info</name>
         <load_address>0xb450</load_address>
         <run_address>0xb450</run_address>
         <size>0x46</size>
         <input_file_ref idref="fl-d0"/>
      </object_component>
      <object_component id="oc-d6">
         <name>.debug_info</name>
         <load_address>0xb496</load_address>
         <run_address>0xb496</run_address>
         <size>0x2c</size>
         <input_file_ref idref="fl-d0"/>
      </object_component>
      <object_component id="oc-d4">
         <name>.debug_info</name>
         <load_address>0xb4c2</load_address>
         <run_address>0xb4c2</run_address>
         <size>0x29e</size>
         <input_file_ref idref="fl-d1"/>
      </object_component>
      <object_component id="oc-18">
         <name>.debug_info</name>
         <load_address>0xb760</load_address>
         <run_address>0xb760</run_address>
         <size>0x250</size>
         <input_file_ref idref="fl-d1"/>
      </object_component>
      <object_component id="oc-46">
         <name>.debug_info</name>
         <load_address>0xb9b0</load_address>
         <run_address>0xb9b0</run_address>
         <size>0x60</size>
         <input_file_ref idref="fl-d1"/>
      </object_component>
      <object_component id="oc-173">
         <name>.debug_info</name>
         <load_address>0xba10</load_address>
         <run_address>0xba10</run_address>
         <size>0x46</size>
         <input_file_ref idref="fl-d1"/>
      </object_component>
      <object_component id="oc-cf">
         <name>.debug_info</name>
         <load_address>0xba56</load_address>
         <run_address>0xba56</run_address>
         <size>0x39</size>
         <input_file_ref idref="fl-d1"/>
      </object_component>
      <object_component id="oc-253">
         <name>.debug_info</name>
         <load_address>0xba8f</load_address>
         <run_address>0xba8f</run_address>
         <size>0x3ad</size>
         <input_file_ref idref="fl-d2"/>
      </object_component>
      <object_component id="oc-155">
         <name>.debug_info</name>
         <load_address>0xbe3c</load_address>
         <run_address>0xbe3c</run_address>
         <size>0x190</size>
         <input_file_ref idref="fl-d2"/>
      </object_component>
      <object_component id="oc-18b">
         <name>.debug_info</name>
         <load_address>0xbfcc</load_address>
         <run_address>0xbfcc</run_address>
         <size>0x122</size>
         <input_file_ref idref="fl-d2"/>
      </object_component>
      <object_component id="oc-192">
         <name>.debug_info</name>
         <load_address>0xc0ee</load_address>
         <run_address>0xc0ee</run_address>
         <size>0x184</size>
         <input_file_ref idref="fl-d2"/>
      </object_component>
      <object_component id="oc-1dd">
         <name>.debug_info</name>
         <load_address>0xc272</load_address>
         <run_address>0xc272</run_address>
         <size>0x2c9</size>
         <input_file_ref idref="fl-d3"/>
      </object_component>
      <object_component id="oc-12d">
         <name>.debug_info</name>
         <load_address>0xc53b</load_address>
         <run_address>0xc53b</run_address>
         <size>0x11e</size>
         <input_file_ref idref="fl-d3"/>
      </object_component>
      <object_component id="oc-1d8">
         <name>.debug_info</name>
         <load_address>0xc659</load_address>
         <run_address>0xc659</run_address>
         <size>0x12e</size>
         <input_file_ref idref="fl-d3"/>
      </object_component>
      <object_component id="oc-166">
         <name>.debug_info</name>
         <load_address>0xc787</load_address>
         <run_address>0xc787</run_address>
         <size>0x144</size>
         <input_file_ref idref="fl-d4"/>
      </object_component>
      <object_component id="oc-b2">
         <name>.debug_info</name>
         <load_address>0xc8cb</load_address>
         <run_address>0xc8cb</run_address>
         <size>0x102</size>
         <input_file_ref idref="fl-d4"/>
      </object_component>
      <object_component id="oc-13d">
         <name>.debug_info</name>
         <load_address>0xc9cd</load_address>
         <run_address>0xc9cd</run_address>
         <size>0x18f</size>
         <input_file_ref idref="fl-d4"/>
      </object_component>
      <object_component id="oc-82">
         <name>.debug_info</name>
         <load_address>0xcb5c</load_address>
         <run_address>0xcb5c</run_address>
         <size>0x3b2</size>
         <input_file_ref idref="fl-d5"/>
      </object_component>
      <object_component id="oc-25">
         <name>.debug_info</name>
         <load_address>0xcf0e</load_address>
         <run_address>0xcf0e</run_address>
         <size>0x10c</size>
         <input_file_ref idref="fl-d5"/>
      </object_component>
      <object_component id="oc-2c4">
         <name>.debug_info</name>
         <load_address>0xd01a</load_address>
         <run_address>0xd01a</run_address>
         <size>0x13f</size>
         <input_file_ref idref="fl-d5"/>
      </object_component>
      <object_component id="oc-14f">
         <name>.debug_info</name>
         <load_address>0xd159</load_address>
         <run_address>0xd159</run_address>
         <size>0x168</size>
         <input_file_ref idref="fl-d5"/>
      </object_component>
      <object_component id="oc-23f">
         <name>.debug_info</name>
         <load_address>0xd2c1</load_address>
         <run_address>0xd2c1</run_address>
         <size>0x18e</size>
         <input_file_ref idref="fl-d5"/>
      </object_component>
      <object_component id="oc-245">
         <name>.debug_info</name>
         <load_address>0xd44f</load_address>
         <run_address>0xd44f</run_address>
         <size>0x19f</size>
         <input_file_ref idref="fl-d5"/>
      </object_component>
      <object_component id="oc-14a">
         <name>.debug_info</name>
         <load_address>0xd5ee</load_address>
         <run_address>0xd5ee</run_address>
         <size>0x203</size>
         <input_file_ref idref="fl-d5"/>
      </object_component>
      <object_component id="oc-2ca">
         <name>.debug_info</name>
         <load_address>0xd7f1</load_address>
         <run_address>0xd7f1</run_address>
         <size>0x1db</size>
         <input_file_ref idref="fl-d5"/>
      </object_component>
      <object_component id="oc-24c">
         <name>.debug_info</name>
         <load_address>0xd9cc</load_address>
         <run_address>0xd9cc</run_address>
         <size>0x299</size>
         <input_file_ref idref="fl-d5"/>
      </object_component>
      <object_component id="oc-109">
         <name>.debug_info</name>
         <load_address>0xdc65</load_address>
         <run_address>0xdc65</run_address>
         <size>0xb2</size>
         <input_file_ref idref="fl-d5"/>
      </object_component>
      <object_component id="oc-11f">
         <name>.debug_info</name>
         <load_address>0xdd17</load_address>
         <run_address>0xdd17</run_address>
         <size>0x2a4</size>
         <input_file_ref idref="fl-d6"/>
      </object_component>
      <object_component id="oc-96">
         <name>.debug_info</name>
         <load_address>0xdfbb</load_address>
         <run_address>0xdfbb</run_address>
         <size>0x24d</size>
         <input_file_ref idref="fl-d6"/>
      </object_component>
      <object_component id="oc-28">
         <name>.debug_info</name>
         <load_address>0xe208</load_address>
         <run_address>0xe208</run_address>
         <size>0x10b</size>
         <input_file_ref idref="fl-d7"/>
      </object_component>
      <object_component id="oc-71">
         <name>.debug_info</name>
         <load_address>0xe313</load_address>
         <run_address>0xe313</run_address>
         <size>0x1a9</size>
         <input_file_ref idref="fl-d7"/>
      </object_component>
      <object_component id="oc-2b4">
         <name>.debug_info</name>
         <load_address>0xe4bc</load_address>
         <run_address>0xe4bc</run_address>
         <size>0x402</size>
         <input_file_ref idref="fl-d8"/>
      </object_component>
      <object_component id="oc-21a">
         <name>.debug_info</name>
         <load_address>0xe8be</load_address>
         <run_address>0xe8be</run_address>
         <size>0x245</size>
         <input_file_ref idref="fl-d8"/>
      </object_component>
      <object_component id="oc-2a4">
         <name>.debug_info</name>
         <load_address>0xeb03</load_address>
         <run_address>0xeb03</run_address>
         <size>0x120</size>
         <input_file_ref idref="fl-d8"/>
      </object_component>
      <object_component id="oc-134">
         <name>.debug_info</name>
         <load_address>0xec23</load_address>
         <run_address>0xec23</run_address>
         <size>0x445</size>
         <input_file_ref idref="fl-d9"/>
      </object_component>
      <object_component id="oc-9a">
         <name>.debug_info</name>
         <load_address>0xf068</load_address>
         <run_address>0xf068</run_address>
         <size>0x2db</size>
         <input_file_ref idref="fl-d9"/>
      </object_component>
      <object_component id="oc-213">
         <name>.debug_info</name>
         <load_address>0xf343</load_address>
         <run_address>0xf343</run_address>
         <size>0xea</size>
         <input_file_ref idref="fl-d9"/>
      </object_component>
      <object_component id="oc-20e">
         <name>.debug_info</name>
         <load_address>0xf42d</load_address>
         <run_address>0xf42d</run_address>
         <size>0x2c</size>
         <input_file_ref idref="fl-d9"/>
      </object_component>
      <object_component id="oc-23c">
         <name>.debug_info</name>
         <load_address>0xf459</load_address>
         <run_address>0xf459</run_address>
         <size>0x3a5</size>
         <input_file_ref idref="fl-da"/>
      </object_component>
      <object_component id="oc-142">
         <name>.debug_info</name>
         <load_address>0xf7fe</load_address>
         <run_address>0xf7fe</run_address>
         <size>0x1f3</size>
         <input_file_ref idref="fl-da"/>
      </object_component>
      <object_component id="oc-2bc">
         <name>.debug_info</name>
         <load_address>0xf9f1</load_address>
         <run_address>0xf9f1</run_address>
         <size>0x347</size>
         <input_file_ref idref="fl-db"/>
      </object_component>
      <object_component id="oc-22a">
         <name>.debug_info</name>
         <load_address>0xfd38</load_address>
         <run_address>0xfd38</run_address>
         <size>0x18a</size>
         <input_file_ref idref="fl-db"/>
      </object_component>
      <object_component id="oc-1d2">
         <name>.debug_info</name>
         <load_address>0xfec2</load_address>
         <run_address>0xfec2</run_address>
         <size>0x42c</size>
         <input_file_ref idref="fl-dc"/>
      </object_component>
      <object_component id="oc-121">
         <name>.debug_info</name>
         <load_address>0x102ee</load_address>
         <run_address>0x102ee</run_address>
         <size>0x192</size>
         <input_file_ref idref="fl-dc"/>
      </object_component>
      <object_component id="oc-2aa">
         <name>.debug_info</name>
         <load_address>0x10480</load_address>
         <run_address>0x10480</run_address>
         <size>0x1eb</size>
         <input_file_ref idref="fl-dc"/>
      </object_component>
      <object_component id="oc-51">
         <name>.debug_info</name>
         <load_address>0x1066b</load_address>
         <run_address>0x1066b</run_address>
         <size>0x119</size>
         <input_file_ref idref="fl-dd"/>
      </object_component>
      <object_component id="oc-260">
         <name>.debug_info</name>
         <load_address>0x10784</load_address>
         <run_address>0x10784</run_address>
         <size>0x4b3</size>
         <input_file_ref idref="fl-de"/>
      </object_component>
      <object_component id="oc-19a">
         <name>.debug_info</name>
         <load_address>0x10c37</load_address>
         <run_address>0x10c37</run_address>
         <size>0x1a6</size>
         <input_file_ref idref="fl-de"/>
      </object_component>
      <object_component id="oc-2d3">
         <name>.debug_info</name>
         <load_address>0x10ddd</load_address>
         <run_address>0x10ddd</run_address>
         <size>0x39</size>
         <input_file_ref idref="fl-de"/>
      </object_component>
      <object_component id="oc-312">
         <name>.debug_info</name>
         <load_address>0x10e16</load_address>
         <run_address>0x10e16</run_address>
         <size>0x39</size>
         <input_file_ref idref="fl-de"/>
      </object_component>
      <object_component id="oc-2d8">
         <name>.debug_info</name>
         <load_address>0x10e4f</load_address>
         <run_address>0x10e4f</run_address>
         <size>0x39</size>
         <input_file_ref idref="fl-de"/>
      </object_component>
      <object_component id="oc-2dd">
         <name>.debug_info</name>
         <load_address>0x10e88</load_address>
         <run_address>0x10e88</run_address>
         <size>0xcd</size>
         <input_file_ref idref="fl-de"/>
      </object_component>
      <object_component id="oc-ed">
         <name>.debug_info</name>
         <load_address>0x10f55</load_address>
         <run_address>0x10f55</run_address>
         <size>0x153</size>
         <input_file_ref idref="fl-df"/>
      </object_component>
      <object_component id="oc-325">
         <name>.debug_info</name>
         <load_address>0x110a8</load_address>
         <run_address>0x110a8</run_address>
         <size>0x29a</size>
         <input_file_ref idref="fl-e2"/>
      </object_component>
      <object_component id="oc-2ff">
         <name>.debug_info</name>
         <load_address>0x11342</load_address>
         <run_address>0x11342</run_address>
         <size>0x262</size>
         <input_file_ref idref="fl-e2"/>
      </object_component>
      <object_component id="oc-278">
         <name>.debug_info</name>
         <load_address>0x115a4</load_address>
         <run_address>0x115a4</run_address>
         <size>0x28a</size>
         <input_file_ref idref="fl-e3"/>
      </object_component>
      <object_component id="oc-1cd">
         <name>.debug_info</name>
         <load_address>0x1182e</load_address>
         <run_address>0x1182e</run_address>
         <size>0x273</size>
         <input_file_ref idref="fl-e3"/>
      </object_component>
      <object_component id="oc-1d4">
         <name>.debug_info</name>
         <load_address>0x11aa1</load_address>
         <run_address>0x11aa1</run_address>
         <size>0x2af</size>
         <input_file_ref idref="fl-e4"/>
      </object_component>
      <object_component id="oc-12a">
         <name>.debug_info</name>
         <load_address>0x11d50</load_address>
         <run_address>0x11d50</run_address>
         <size>0x277</size>
         <input_file_ref idref="fl-e4"/>
      </object_component>
      <object_component id="oc-308">
         <name>.debug_info</name>
         <load_address>0x11fc7</load_address>
         <run_address>0x11fc7</run_address>
         <size>0x397</size>
         <input_file_ref idref="fl-e5"/>
      </object_component>
      <object_component id="oc-2b9">
         <name>.debug_info</name>
         <load_address>0x1235e</load_address>
         <run_address>0x1235e</run_address>
         <size>0x18f</size>
         <input_file_ref idref="fl-e5"/>
      </object_component>
      <object_component id="oc-20b">
         <name>.debug_info</name>
         <load_address>0x124ed</load_address>
         <run_address>0x124ed</run_address>
         <size>0x337</size>
         <input_file_ref idref="fl-e6"/>
      </object_component>
      <object_component id="oc-131">
         <name>.debug_info</name>
         <load_address>0x12824</load_address>
         <run_address>0x12824</run_address>
         <size>0x109</size>
         <input_file_ref idref="fl-e6"/>
      </object_component>
      <object_component id="oc-2b1">
         <name>.debug_info</name>
         <load_address>0x1292d</load_address>
         <run_address>0x1292d</run_address>
         <size>0x109</size>
         <input_file_ref idref="fl-e6"/>
      </object_component>
      <object_component id="oc-2be">
         <name>.debug_info</name>
         <load_address>0x12a36</load_address>
         <run_address>0x12a36</run_address>
         <size>0x3cf</size>
         <input_file_ref idref="fl-e8"/>
      </object_component>
      <object_component id="oc-232">
         <name>.debug_info</name>
         <load_address>0x12e05</load_address>
         <run_address>0x12e05</run_address>
         <size>0x195</size>
         <input_file_ref idref="fl-e8"/>
      </object_component>
      <object_component id="oc-2c0">
         <name>.debug_info</name>
         <load_address>0x12f9a</load_address>
         <run_address>0x12f9a</run_address>
         <size>0x3d1</size>
         <input_file_ref idref="fl-e9"/>
      </object_component>
      <object_component id="oc-238">
         <name>.debug_info</name>
         <load_address>0x1336b</load_address>
         <run_address>0x1336b</run_address>
         <size>0x1a5</size>
         <input_file_ref idref="fl-e9"/>
      </object_component>
      <object_component id="oc-297">
         <name>.debug_info</name>
         <load_address>0x13510</load_address>
         <run_address>0x13510</run_address>
         <size>0x373</size>
         <input_file_ref idref="fl-ea"/>
      </object_component>
      <object_component id="oc-1e7">
         <name>.debug_info</name>
         <load_address>0x13883</load_address>
         <run_address>0x13883</run_address>
         <size>0x1bc</size>
         <input_file_ref idref="fl-ea"/>
      </object_component>
      <object_component id="oc-29d">
         <name>.debug_info</name>
         <load_address>0x13a3f</load_address>
         <run_address>0x13a3f</run_address>
         <size>0x378</size>
         <input_file_ref idref="fl-eb"/>
      </object_component>
      <object_component id="oc-1f8">
         <name>.debug_info</name>
         <load_address>0x13db7</load_address>
         <run_address>0x13db7</run_address>
         <size>0x210</size>
         <input_file_ref idref="fl-eb"/>
      </object_component>
      <object_component id="oc-293">
         <name>.debug_info</name>
         <load_address>0x13fc7</load_address>
         <run_address>0x13fc7</run_address>
         <size>0x3a3</size>
         <input_file_ref idref="fl-ec"/>
      </object_component>
      <object_component id="oc-1e1">
         <name>.debug_info</name>
         <load_address>0x1436a</load_address>
         <run_address>0x1436a</run_address>
         <size>0x20c</size>
         <input_file_ref idref="fl-ec"/>
      </object_component>
      <object_component id="oc-299">
         <name>.debug_info</name>
         <load_address>0x14576</load_address>
         <run_address>0x14576</run_address>
         <size>0x377</size>
         <input_file_ref idref="fl-ed"/>
      </object_component>
      <object_component id="oc-1ed">
         <name>.debug_info</name>
         <load_address>0x148ed</load_address>
         <run_address>0x148ed</run_address>
         <size>0x1fb</size>
         <input_file_ref idref="fl-ed"/>
      </object_component>
      <object_component id="oc-2a1">
         <name>.debug_info</name>
         <load_address>0x14ae8</load_address>
         <run_address>0x14ae8</run_address>
         <size>0x3d5</size>
         <input_file_ref idref="fl-ee"/>
      </object_component>
      <object_component id="oc-204">
         <name>.debug_info</name>
         <load_address>0x14ebd</load_address>
         <run_address>0x14ebd</run_address>
         <size>0x236</size>
         <input_file_ref idref="fl-ee"/>
      </object_component>
      <object_component id="oc-29f">
         <name>.debug_info</name>
         <load_address>0x150f3</load_address>
         <run_address>0x150f3</run_address>
         <size>0x396</size>
         <input_file_ref idref="fl-ef"/>
      </object_component>
      <object_component id="oc-1ff">
         <name>.debug_info</name>
         <load_address>0x15489</load_address>
         <run_address>0x15489</run_address>
         <size>0x1c6</size>
         <input_file_ref idref="fl-ef"/>
      </object_component>
      <object_component id="oc-29b">
         <name>.debug_info</name>
         <load_address>0x1564f</load_address>
         <run_address>0x1564f</run_address>
         <size>0x378</size>
         <input_file_ref idref="fl-f0"/>
      </object_component>
      <object_component id="oc-1f3">
         <name>.debug_info</name>
         <load_address>0x159c7</load_address>
         <run_address>0x159c7</run_address>
         <size>0x200</size>
         <input_file_ref idref="fl-f0"/>
      </object_component>
      <object_component id="oc-2ec">
         <name>.debug_info</name>
         <load_address>0x15bc7</load_address>
         <run_address>0x15bc7</run_address>
         <size>0x2bb</size>
         <input_file_ref idref="fl-f1"/>
      </object_component>
      <object_component id="oc-2e9">
         <name>.debug_info</name>
         <load_address>0x15e82</load_address>
         <run_address>0x15e82</run_address>
         <size>0x108</size>
         <input_file_ref idref="fl-f1"/>
      </object_component>
      <object_component id="oc-287">
         <name>.debug_info</name>
         <load_address>0x15f8a</load_address>
         <run_address>0x15f8a</run_address>
         <size>0x1df</size>
         <input_file_ref idref="fl-f1"/>
      </object_component>
      <object_component id="oc-290">
         <name>.debug_info</name>
         <load_address>0x16169</load_address>
         <run_address>0x16169</run_address>
         <size>0x19a</size>
         <input_file_ref idref="fl-f1"/>
      </object_component>
      <object_component id="oc-2e7">
         <name>.debug_info</name>
         <load_address>0x16303</load_address>
         <run_address>0x16303</run_address>
         <size>0x28f</size>
         <input_file_ref idref="fl-f2"/>
      </object_component>
      <object_component id="oc-282">
         <name>.debug_info</name>
         <load_address>0x16592</load_address>
         <run_address>0x16592</run_address>
         <size>0x245</size>
         <input_file_ref idref="fl-f2"/>
      </object_component>
      <object_component id="oc-35a">
         <name>.debug_info</name>
         <load_address>0x167d7</load_address>
         <run_address>0x167d7</run_address>
         <size>0xcb</size>
      </object_component>
      <object_component id="oc-25b">
         <name>.debug_line</name>
         <load_address>0x0</load_address>
         <run_address>0x0</run_address>
         <size>0x88</size>
         <input_file_ref idref="fl-2"/>
      </object_component>
      <object_component id="oc-cd">
         <name>.debug_line</name>
         <load_address>0x88</load_address>
         <run_address>0x88</run_address>
         <size>0x6f</size>
         <input_file_ref idref="fl-2"/>
      </object_component>
      <object_component id="oc-4e">
         <name>.debug_line</name>
         <load_address>0xf7</load_address>
         <run_address>0xf7</run_address>
         <size>0x20</size>
         <input_file_ref idref="fl-2"/>
      </object_component>
      <object_component id="oc-16b">
         <name>.debug_line</name>
         <load_address>0x117</load_address>
         <run_address>0x117</run_address>
         <size>0x73</size>
         <input_file_ref idref="fl-2"/>
      </object_component>
      <object_component id="oc-b8">
         <name>.debug_line</name>
         <load_address>0x18a</load_address>
         <run_address>0x18a</run_address>
         <size>0x70</size>
         <input_file_ref idref="fl-2"/>
      </object_component>
      <object_component id="oc-276">
         <name>.debug_line</name>
         <load_address>0x1fa</load_address>
         <run_address>0x1fa</run_address>
         <size>0x20</size>
         <input_file_ref idref="fl-4"/>
      </object_component>
      <object_component id="oc-113">
         <name>.debug_line</name>
         <load_address>0x21a</load_address>
         <run_address>0x21a</run_address>
         <size>0x6a</size>
         <input_file_ref idref="fl-4"/>
      </object_component>
      <object_component id="oc-118">
         <name>.debug_line</name>
         <load_address>0x284</load_address>
         <run_address>0x284</run_address>
         <size>0x74</size>
         <input_file_ref idref="fl-4"/>
      </object_component>
      <object_component id="oc-16e">
         <name>.debug_line</name>
         <load_address>0x2f8</load_address>
         <run_address>0x2f8</run_address>
         <size>0x88</size>
         <input_file_ref idref="fl-8"/>
      </object_component>
      <object_component id="oc-3a">
         <name>.debug_line</name>
         <load_address>0x380</load_address>
         <run_address>0x380</run_address>
         <size>0x123</size>
         <input_file_ref idref="fl-8"/>
      </object_component>
      <object_component id="oc-f5">
         <name>.debug_line</name>
         <load_address>0x4a3</load_address>
         <run_address>0x4a3</run_address>
         <size>0x47</size>
         <input_file_ref idref="fl-9"/>
      </object_component>
      <object_component id="oc-187">
         <name>.debug_line</name>
         <load_address>0x4ea</load_address>
         <run_address>0x4ea</run_address>
         <size>0xa5</size>
         <input_file_ref idref="fl-d"/>
      </object_component>
      <object_component id="oc-170">
         <name>.debug_line</name>
         <load_address>0x58f</load_address>
         <run_address>0x58f</run_address>
         <size>0x83</size>
         <input_file_ref idref="fl-10"/>
      </object_component>
      <object_component id="oc-41">
         <name>.debug_line</name>
         <load_address>0x612</load_address>
         <run_address>0x612</run_address>
         <size>0xdb</size>
         <input_file_ref idref="fl-10"/>
      </object_component>
      <object_component id="oc-10f">
         <name>.debug_line</name>
         <load_address>0x6ed</load_address>
         <run_address>0x6ed</run_address>
         <size>0x162</size>
         <input_file_ref idref="fl-11"/>
      </object_component>
      <object_component id="oc-11b">
         <name>.debug_line</name>
         <load_address>0x84f</load_address>
         <run_address>0x84f</run_address>
         <size>0x84</size>
         <input_file_ref idref="fl-11"/>
      </object_component>
      <object_component id="oc-11d">
         <name>.debug_line</name>
         <load_address>0x8d3</load_address>
         <run_address>0x8d3</run_address>
         <size>0x84</size>
         <input_file_ref idref="fl-11"/>
      </object_component>
      <object_component id="oc-31">
         <name>.debug_line</name>
         <load_address>0x957</load_address>
         <run_address>0x957</run_address>
         <size>0x5c1</size>
         <input_file_ref idref="fl-11"/>
      </object_component>
      <object_component id="oc-bd">
         <name>.debug_line</name>
         <load_address>0xf18</load_address>
         <run_address>0xf18</run_address>
         <size>0x69</size>
         <input_file_ref idref="fl-11"/>
      </object_component>
      <object_component id="oc-c9">
         <name>.debug_line</name>
         <load_address>0xf81</load_address>
         <run_address>0xf81</run_address>
         <size>0x41</size>
         <input_file_ref idref="fl-12"/>
      </object_component>
      <object_component id="oc-43">
         <name>.debug_line</name>
         <load_address>0xfc2</load_address>
         <run_address>0xfc2</run_address>
         <size>0x41</size>
         <input_file_ref idref="fl-12"/>
      </object_component>
      <object_component id="oc-2e">
         <name>.debug_line</name>
         <load_address>0x1003</load_address>
         <run_address>0x1003</run_address>
         <size>0xc38</size>
         <input_file_ref idref="fl-12"/>
      </object_component>
      <object_component id="oc-222">
         <name>.debug_line</name>
         <load_address>0x1c3b</load_address>
         <run_address>0x1c3b</run_address>
         <size>0x189</size>
         <input_file_ref idref="fl-cc"/>
      </object_component>
      <object_component id="oc-139">
         <name>.debug_line</name>
         <load_address>0x1dc4</load_address>
         <run_address>0x1dc4</run_address>
         <size>0x9b</size>
         <input_file_ref idref="fl-cc"/>
      </object_component>
      <object_component id="oc-158">
         <name>.debug_line</name>
         <load_address>0x1e5f</load_address>
         <run_address>0x1e5f</run_address>
         <size>0x4d</size>
         <input_file_ref idref="fl-cc"/>
      </object_component>
      <object_component id="oc-a9">
         <name>.debug_line</name>
         <load_address>0x1eac</load_address>
         <run_address>0x1eac</run_address>
         <size>0x4f</size>
         <input_file_ref idref="fl-cc"/>
      </object_component>
      <object_component id="oc-a4">
         <name>.debug_line</name>
         <load_address>0x1efb</load_address>
         <run_address>0x1efb</run_address>
         <size>0x87</size>
         <input_file_ref idref="fl-cc"/>
      </object_component>
      <object_component id="oc-107">
         <name>.debug_line</name>
         <load_address>0x1f82</load_address>
         <run_address>0x1f82</run_address>
         <size>0x92</size>
         <input_file_ref idref="fl-cc"/>
      </object_component>
      <object_component id="oc-226">
         <name>.debug_line</name>
         <load_address>0x2014</load_address>
         <run_address>0x2014</run_address>
         <size>0x91</size>
         <input_file_ref idref="fl-cc"/>
      </object_component>
      <object_component id="oc-257">
         <name>.debug_line</name>
         <load_address>0x20a5</load_address>
         <run_address>0x20a5</run_address>
         <size>0x110</size>
         <input_file_ref idref="fl-cd"/>
      </object_component>
      <object_component id="oc-b0">
         <name>.debug_line</name>
         <load_address>0x21b5</load_address>
         <run_address>0x21b5</run_address>
         <size>0xa1</size>
         <input_file_ref idref="fl-cd"/>
      </object_component>
      <object_component id="oc-162">
         <name>.debug_line</name>
         <load_address>0x2256</load_address>
         <run_address>0x2256</run_address>
         <size>0x91</size>
         <input_file_ref idref="fl-cd"/>
      </object_component>
      <object_component id="oc-e8">
         <name>.debug_line</name>
         <load_address>0x22e7</load_address>
         <run_address>0x22e7</run_address>
         <size>0x79</size>
         <input_file_ref idref="fl-ce"/>
      </object_component>
      <object_component id="oc-180">
         <name>.debug_line</name>
         <load_address>0x2360</load_address>
         <run_address>0x2360</run_address>
         <size>0x92</size>
         <input_file_ref idref="fl-cf"/>
      </object_component>
      <object_component id="oc-65">
         <name>.debug_line</name>
         <load_address>0x23f2</load_address>
         <run_address>0x23f2</run_address>
         <size>0x53</size>
         <input_file_ref idref="fl-cf"/>
      </object_component>
      <object_component id="oc-e1">
         <name>.debug_line</name>
         <load_address>0x2445</load_address>
         <run_address>0x2445</run_address>
         <size>0x34</size>
         <input_file_ref idref="fl-cf"/>
      </object_component>
      <object_component id="oc-17d">
         <name>.debug_line</name>
         <load_address>0x2479</load_address>
         <run_address>0x2479</run_address>
         <size>0x92</size>
         <input_file_ref idref="fl-cf"/>
      </object_component>
      <object_component id="oc-dc">
         <name>.debug_line</name>
         <load_address>0x250b</load_address>
         <run_address>0x250b</run_address>
         <size>0x20</size>
         <input_file_ref idref="fl-d0"/>
      </object_component>
      <object_component id="oc-1f">
         <name>.debug_line</name>
         <load_address>0x252b</load_address>
         <run_address>0x252b</run_address>
         <size>0x55</size>
         <input_file_ref idref="fl-d0"/>
      </object_component>
      <object_component id="oc-59">
         <name>.debug_line</name>
         <load_address>0x2580</load_address>
         <run_address>0x2580</run_address>
         <size>0x3a</size>
         <input_file_ref idref="fl-d0"/>
      </object_component>
      <object_component id="oc-d9">
         <name>.debug_line</name>
         <load_address>0x25ba</load_address>
         <run_address>0x25ba</run_address>
         <size>0x92</size>
         <input_file_ref idref="fl-d0"/>
      </object_component>
      <object_component id="oc-179">
         <name>.debug_line</name>
         <load_address>0x264c</load_address>
         <run_address>0x264c</run_address>
         <size>0x20</size>
         <input_file_ref idref="fl-d1"/>
      </object_component>
      <object_component id="oc-16">
         <name>.debug_line</name>
         <load_address>0x266c</load_address>
         <run_address>0x266c</run_address>
         <size>0xa9</size>
         <input_file_ref idref="fl-d1"/>
      </object_component>
      <object_component id="oc-49">
         <name>.debug_line</name>
         <load_address>0x2715</load_address>
         <run_address>0x2715</run_address>
         <size>0x3a</size>
         <input_file_ref idref="fl-d1"/>
      </object_component>
      <object_component id="oc-176">
         <name>.debug_line</name>
         <load_address>0x274f</load_address>
         <run_address>0x274f</run_address>
         <size>0x9a</size>
         <input_file_ref idref="fl-d1"/>
      </object_component>
      <object_component id="oc-d2">
         <name>.debug_line</name>
         <load_address>0x27e9</load_address>
         <run_address>0x27e9</run_address>
         <size>0x96</size>
[...]
         <object_component_ref idref="oc-2a"/>
      </symbol>
      <symbol id="sm-2f2">
         <name>WideTimer5B_Handler</name>
         <value>0xe9b</value>
         <object_component_ref idref="oc-2a"/>
      </symbol>
      <symbol id="sm-2f3">
         <name>SysCtl_Handler</name>
         <value>0xe31</value>
         <object_component_ref idref="oc-2a"/>
      </symbol>
      <symbol id="sm-2f4">
         <name>GPIOPortB_Handler</name>
         <value>0xdfb</value>
         <object_component_ref idref="oc-2a"/>
      </symbol>
      <symbol id="sm-2f5">
         <name>uDMA_Handler</name>
         <value>0xe55</value>
         <object_component_ref idref="oc-2a"/>
      </symbol>
      <symbol id="sm-2f6">
         <name>ADC0Seq1_Handler</name>
         <value>0xe17</value>
         <object_component_ref idref="oc-2a"/>
      </symbol>
      <symbol id="sm-2f7">
         <name>GPIOPortP7_Handler</name>
         <value>0xebd</value>
         <object_component_ref idref="oc-2a"/>
      </symbol>
      <symbol id="sm-2f8">
         <name>PWM1Fault_Handler</name>
         <value>0xedb</value>
         <object_component_ref idref="oc-2a"/>
      </symbol>
      <symbol id="sm-2f9">
         <name>I2C1_Handler</name>
         <value>0xe43</value>
         <object_component_ref idref="oc-2a"/>
      </symbol>
      <symbol id="sm-2fa">
         <name>SSI3_Handler</name>
         <value>0xe6d</value>
         <object_component_ref idref="oc-2a"/>
      </symbol>
      <symbol id="sm-2fb">
         <name>GPIOPortM_Handler</name>
         <value>0xea7</value>
         <object_component_ref idref="oc-2a"/>
      </symbol>
      <symbol id="sm-2fc">
         <name>g_pfnVectors</name>
         <value>0x0</value>
         <object_component_ref idref="oc-12"/>
      </symbol>
      <symbol id="sm-2fd">
         <name>GPIOPortD_Handler</name>
         <value>0xdff</value>
         <object_component_ref idref="oc-2a"/>
      </symbol>
      <symbol id="sm-2fe">
         <name>GPIOPortQ2_Handler</name>
         <value>0xec3</value>
         <object_component_ref idref="oc-2a"/>
      </symbol>
      <symbol id="sm-2ff">
         <name>UART2_Handler</name>
         <value>0xe3b</value>
         <object_component_ref idref="oc-2a"/>
      </symbol>
      <symbol id="sm-300">
         <name>CAN1_Handler</name>
         <value>0xe49</value>
         <object_component_ref idref="oc-2a"/>
      </symbol>
      <symbol id="sm-301">
         <name>Quadrature0_Handler</name>
         <value>0xe13</value>
         <object_component_ref idref="oc-2a"/>
      </symbol>
      <symbol id="sm-302">
         <name>WideTimer2B_Handler</name>
         <value>0xe8f</value>
         <object_component_ref idref="oc-2a"/>
      </symbol>
      <symbol id="sm-303">
         <name>WideTimer0B_Handler</name>
         <value>0xe87</value>
         <object_component_ref idref="oc-2a"/>
      </symbol>
      <symbol id="sm-304">
         <name>WideTimer4B_Handler</name>
         <value>0xe97</value>
         <object_component_ref idref="oc-2a"/>
      </symbol>
      <symbol id="sm-305">
         <name>GPIOPortQ_Handler</name>
         <value>0xebf</value>
         <object_component_ref idref="oc-2a"/>
      </symbol>
      <symbol id="sm-306">
         <name>DisableInterrupts</name>
         <value>0xedd</value>
         <object_component_ref idref="oc-2a"/>
      </symbol>
      <symbol id="sm-307">
         <name>Comp0_Handler</name>
         <value>0xe2b</value>
         <object_component_ref idref="oc-2a"/>
      </symbol>
      <symbol id="sm-308">
         <name>PWM0Generator2_Handler</name>
         <value>0xe11</value>
         <object_component_ref idref="oc-2a"/>
      </symbol>
      <symbol id="sm-309">
         <name>I2C3_Handler</name>
         <value>0xe7b</value>
         <object_component_ref idref="oc-2a"/>
      </symbol>
      <symbol id="sm-30a">
         <name>Ethernet_Handler</name>
         <value>0xe4d</value>
         <object_component_ref idref="oc-2a"/>
      </symbol>
      <symbol id="sm-30b">
         <name>PWM1Generator3_Handler</name>
         <value>0xed9</value>
         <object_component_ref idref="oc-2a"/>
      </symbol>
      <symbol id="sm-30c">
         <name>I2C4_Handler</name>
         <value>0xea3</value>
         <object_component_ref idref="oc-2a"/>
      </symbol>
      <symbol id="sm-30d">
         <name>Fan0_Handler</name>
         <value>0xead</value>
         <object_component_ref idref="oc-2a"/>
      </symbol>
      <symbol id="sm-30e">
         <name>WaitForInterrupt</name>
         <value>0xef3</value>
         <object_component_ref idref="oc-2a"/>
      </symbol>
      <symbol id="sm-30f">
         <name>ADC1Seq3_Handler</name>
         <value>0xe5f</value>
         <object_component_ref idref="oc-2a"/>
      </symbol>
      <symbol id="sm-310">
         <name>GPIOPortF_Handler</name>
         <value>0xe35</value>
         <object_component_ref idref="oc-2a"/>
      </symbol>
      <symbol id="sm-311">
         <name>GPIOPortQ4_Handler</name>
         <value>0xec7</value>
         <object_component_ref idref="oc-2a"/>
      </symbol>
      <symbol id="sm-312">
         <name>EnableInterrupts</name>
         <value>0xee1</value>
         <object_component_ref idref="oc-2a"/>
      </symbol>
      <symbol id="sm-313">
         <name>GPIOPortA_Handler</name>
         <value>0xdf9</value>
         <object_component_ref idref="oc-2a"/>
      </symbol>
      <symbol id="sm-314">
         <name>UART4_Handler</name>
         <value>0xe71</value>
         <object_component_ref idref="oc-2a"/>
      </symbol>
      <symbol id="sm-315">
         <name>Quadrature2_Handler</name>
         <value>0xeab</value>
         <object_component_ref idref="oc-2a"/>
      </symbol>
      <symbol id="sm-316">
         <name>GPIOPortP2_Handler</name>
         <value>0xeb3</value>
         <object_component_ref idref="oc-2a"/>
      </symbol>
      <symbol id="sm-317">
         <name>GPIOPortS_Handler</name>
         <value>0xed1</value>
         <object_component_ref idref="oc-2a"/>
      </symbol>
      <symbol id="sm-318">
         <name>Comp2_Handler</name>
         <value>0xe2f</value>
         <object_component_ref idref="oc-2a"/>
      </symbol>
      <symbol id="sm-319">
         <name>DebugMon_Handler</name>
         <value>0xdf3</value>
         <object_component_ref idref="oc-2a"/>
      </symbol>
      <symbol id="sm-31a">
         <name>PWM0Generator0_Handler</name>
         <value>0xe0d</value>
         <object_component_ref idref="oc-2a"/>
      </symbol>
      <symbol id="sm-31b">
         <name>PWM1Generator1_Handler</name>
         <value>0xed5</value>
         <object_component_ref idref="oc-2a"/>
      </symbol>
      <symbol id="sm-31c">
         <name>SSI0_Handler</name>
         <value>0xe07</value>
         <object_component_ref idref="oc-2a"/>
      </symbol>
      <symbol id="sm-31d">
         <name>ADC1Seq1_Handler</name>
         <value>0xe5b</value>
         <object_component_ref idref="oc-2a"/>
      </symbol>
      <symbol id="sm-31e">
         <name>GPIOPortH_Handler</name>
         <value>0xe39</value>
         <object_component_ref idref="oc-2a"/>
      </symbol>
      <symbol id="sm-31f">
         <name>GPIOPortQ6_Handler</name>
         <value>0xecb</value>
         <object_component_ref idref="oc-2a"/>
      </symbol>
      <symbol id="sm-320">
         <name>GPIOPortC_Handler</name>
         <value>0xdfd</value>
         <object_component_ref idref="oc-2a"/>
      </symbol>
      <symbol id="sm-321">
         <name>GPIOPortQ1_Handler</name>
         <value>0xec1</value>
         <object_component_ref idref="oc-2a"/>
      </symbol>
      <symbol id="sm-322">
         <name>UART6_Handler</name>
         <value>0xe75</value>
         <object_component_ref idref="oc-2a"/>
      </symbol>
      <symbol id="sm-323">
         <name>ADC0Seq2_Handler</name>
         <value>0xe19</value>
         <object_component_ref idref="oc-2a"/>
      </symbol>
      <symbol id="sm-37f">
         <name>__TI_cleanup</name>
         <value>0x1cd5</value>
         <object_component_ref idref="oc-157"/>
      </symbol>
      <symbol id="sm-380">
         <name>freopen</name>
         <value>0x1d71</value>
         <object_component_ref idref="oc-a5"/>
      </symbol>
      <symbol id="sm-381">
         <name>fopen</name>
         <value>0x14f9</value>
         <object_component_ref idref="oc-9f"/>
      </symbol>
      <symbol id="sm-3a2">
         <name>setvbuf</name>
         <value>0x11ed</value>
         <object_component_ref idref="oc-ab"/>
      </symbol>
      <symbol id="sm-3b1">
         <name>__aeabi_memset</name>
         <value>0x16bb</value>
         <object_component_ref idref="oc-e4"/>
      </symbol>
      <symbol id="sm-3b2">
         <name>memset</name>
         <value>0x16c1</value>
         <object_component_ref idref="oc-e4"/>
      </symbol>
      <symbol id="sm-3b3">
         <name>__aeabi_memset8</name>
         <value>0x16bb</value>
         <object_component_ref idref="oc-e4"/>
      </symbol>
      <symbol id="sm-3b4">
         <name>__aeabi_memset4</name>
         <value>0x16bb</value>
         <object_component_ref idref="oc-e4"/>
      </symbol>
      <symbol id="sm-3b5">
         <name>__aeabi_memclr8</name>
         <value>0x16b9</value>
         <object_component_ref idref="oc-e4"/>
      </symbol>
      <symbol id="sm-3b6">
         <name>__aeabi_memclr4</name>
         <value>0x16b9</value>
         <object_component_ref idref="oc-e4"/>
      </symbol>
      <symbol id="sm-3b7">
         <name>__aeabi_memclr</name>
         <value>0x16b9</value>
         <object_component_ref idref="oc-e4"/>
      </symbol>
      <symbol id="sm-3ce">
         <name>__TI_zero_init</name>
         <value>0x1ee3</value>
         <object_component_ref idref="oc-62"/>
      </symbol>
      <symbol id="sm-3e5">
         <name>__TI_decompress_none</name>
         <value>0x1ed5</value>
         <object_component_ref idref="oc-1b"/>
      </symbol>
      <symbol id="sm-408">
         <name>__TI_decompress_lzss</name>
         <value>0x18ed</value>
         <object_component_ref idref="oc-15"/>
      </symbol>
      <symbol id="sm-42e">
         <name>C$$EXIT</name>
         <value>0x1efb</value>
         <object_component_ref idref="oc-18a"/>
      </symbol>
      <symbol id="sm-42f">
         <name>abort</name>
         <value>0x1efb</value>
         <object_component_ref idref="oc-18a"/>
      </symbol>
      <symbol id="sm-430">
         <name>__TI_dtors_ptr</name>
         <value>0x20000db4</value>
         <object_component_ref idref="oc-154"/>
      </symbol>
      <symbol id="sm-431">
         <name>__TI_cleanup_ptr</name>
         <value>0x20000db0</value>
         <object_component_ref idref="oc-154"/>
      </symbol>
      <symbol id="sm-432">
         <name>__TI_enable_exit_profile_output</name>
         <value>0x20000db8</value>
         <object_component_ref idref="oc-154"/>
      </symbol>
      <symbol id="sm-433">
         <name>exit</name>
         <value>0x1b0d</value>
         <object_component_ref idref="oc-190"/>
      </symbol>
      <symbol id="sm-448">
         <name>_nop</name>
         <value>0xef7</value>
         <object_component_ref idref="oc-1d5"/>
      </symbol>
      <symbol id="sm-449">
         <name>_lock</name>
         <value>0x20000dbc</value>
         <object_component_ref idref="oc-12c"/>
      </symbol>
      <symbol id="sm-44a">
         <name>_unlock</name>
         <value>0x20000dc0</value>
         <object_component_ref idref="oc-12c"/>
      </symbol>
      <symbol id="sm-45f">
         <name>__TI_tmpnams</name>
         <value>0x20000920</value>
      </symbol>
      <symbol id="sm-460">
         <name>__aeabi_stdout</name>
         <value>0x20000da8</value>
         <object_component_ref idref="oc-13c"/>
      </symbol>
      <symbol id="sm-461">
         <name>__aeabi_stderr</name>
         <value>0x20000dac</value>
         <object_component_ref idref="oc-13c"/>
      </symbol>
      <symbol id="sm-462">
         <name>__aeabi_stdin</name>
         <value>0x20000da4</value>
         <object_component_ref idref="oc-13c"/>
      </symbol>
      <symbol id="sm-463">
         <name>_ftable</name>
         <value>0x20000be8</value>
         <object_component_ref idref="oc-b1"/>
      </symbol>
      <symbol id="sm-464">
         <name>__TI_ft_end</name>
         <value>0x20000da0</value>
         <object_component_ref idref="oc-13c"/>
      </symbol>
      <symbol id="sm-4e8">
         <name>_sys_memory</name>
         <value>0x20000dd8</value>
         <object_component_ref idref="oc-24"/>
      </symbol>
      <symbol id="sm-4e9">
         <name>free</name>
         <value>0x1109</value>
         <object_component_ref idref="oc-148"/>
      </symbol>
      <symbol id="sm-4ea">
         <name>memalign</name>
         <value>0x1009</value>
         <object_component_ref idref="oc-24a"/>
      </symbol>
      <symbol id="sm-4eb">
         <name>malloc</name>
         <value>0x1eef</value>
         <object_component_ref idref="oc-14e"/>
      </symbol>
      <symbol id="sm-4ec">
         <name>aligned_alloc</name>
         <value>0x1009</value>
         <object_component_ref idref="oc-24a"/>
      </symbol>
      <symbol id="sm-4fa">
         <name>strcpy</name>
         <value>0x1e9b</value>
         <object_component_ref idref="oc-93"/>
      </symbol>
      <symbol id="sm-50d">
         <name>__stack</name>
         <value>0x200009e8</value>
         <object_component_ref idref="oc-27"/>
      </symbol>
      <symbol id="sm-50e">
         <name>_c_int00_noargs</name>
         <value>0x1d3d</value>
         <object_component_ref idref="oc-6e"/>
      </symbol>
      <symbol id="sm-530">
         <name>open</name>
         <value>0x1385</value>
         <object_component_ref idref="oc-218"/>
      </symbol>
      <symbol id="sm-555">
         <name>add_device</name>
         <value>0x1441</value>
         <object_component_ref idref="oc-99"/>
      </symbol>
      <symbol id="sm-56a">
         <name>__TI_closefile</name>
         <value>0x1735</value>
         <object_component_ref idref="oc-141"/>
      </symbol>
      <symbol id="sm-57a">
         <name>__TI_doflush</name>
         <value>0x1ac1</value>
         <object_component_ref idref="oc-228"/>
      </symbol>
      <symbol id="sm-598">
         <name>finddevice</name>
         <value>0x1da5</value>
         <object_component_ref idref="oc-120"/>
      </symbol>
      <symbol id="sm-599">
         <name>getdevice</name>
         <value>0x1c21</value>
         <object_component_ref idref="oc-2a9"/>
      </symbol>
      <symbol id="sm-5b4">
         <name>memcpy</name>
         <value>0x1595</value>
         <object_component_ref idref="oc-50"/>
      </symbol>
      <symbol id="sm-5b5">
         <name>__aeabi_memcpy</name>
         <value>0x1595</value>
         <object_component_ref idref="oc-50"/>
      </symbol>
      <symbol id="sm-5b6">
         <name>__aeabi_memcpy8</name>
         <value>0x1595</value>
         <object_component_ref idref="oc-50"/>
      </symbol>
      <symbol id="sm-5b7">
         <name>__aeabi_memcpy4</name>
         <value>0x1595</value>
         <object_component_ref idref="oc-50"/>
      </symbol>
      <symbol id="sm-5df">
         <name>__TI_auto_init_nobinit_nopinit</name>
         <value>0x1bdd</value>
         <object_component_ref idref="oc-196"/>
      </symbol>
      <symbol id="sm-5e9">
         <name>_system_pre_init</name>
         <value>0x1ef7</value>
         <object_component_ref idref="oc-ea"/>
      </symbol>
      <symbol id="sm-5fb">
         <name>strchr</name>
         <value>0x1e85</value>
         <object_component_ref idref="oc-2fc"/>
      </symbol>
      <symbol id="sm-60a">
         <name>strcmp</name>
         <value>0x1e6d</value>
         <object_component_ref idref="oc-1cb"/>
      </symbol>
      <symbol id="sm-61a">
         <name>strncpy</name>
         <value>0x1c9d</value>
         <object_component_ref idref="oc-126"/>
      </symbol>
      <symbol id="sm-62a">
         <name>write</name>
         <value>0x1e29</value>
         <object_component_ref idref="oc-2b5"/>
      </symbol>
      <symbol id="sm-63b">
         <name>_stream</name>
         <value>0x20000d50</value>
         <object_component_ref idref="oc-2b0"/>
      </symbol>
      <symbol id="sm-63c">
         <name>_device</name>
         <value>0x20000cd8</value>
         <object_component_ref idref="oc-130"/>
      </symbol>
      <symbol id="sm-651">
         <name>close</name>
         <value>0x19b5</value>
         <object_component_ref idref="oc-22e"/>
      </symbol>
      <symbol id="sm-661">
         <name>unlink</name>
         <value>0x1dd5</value>
         <object_component_ref idref="oc-234"/>
      </symbol>
      <symbol id="sm-672">
         <name>HOSTclose</name>
         <value>0x1b55</value>
         <object_component_ref idref="oc-1e5"/>
      </symbol>
      <symbol id="sm-683">
         <name>HOSTlseek</name>
         <value>0x1885</value>
         <object_component_ref idref="oc-1f7"/>
      </symbol>
      <symbol id="sm-695">
         <name>parmbuf</name>
         <value>0x200009c0</value>
      </symbol>
      <symbol id="sm-696">
         <name>HOSTopen</name>
         <value>0x1955</value>
         <object_component_ref idref="oc-1df"/>
      </symbol>
      <symbol id="sm-6a7">
         <name>HOSTread</name>
         <value>0x1a11</value>
         <object_component_ref idref="oc-1eb"/>
      </symbol>
      <symbol id="sm-6b8">
         <name>HOSTrename</name>
         <value>0x1819</value>
         <object_component_ref idref="oc-203"/>
      </symbol>
      <symbol id="sm-6c9">
         <name>HOSTunlink</name>
         <value>0x1b99</value>
         <object_component_ref idref="oc-1fd"/>
      </symbol>
      <symbol id="sm-6da">
         <name>HOSTwrite</name>
         <value>0x1a69</value>
         <object_component_ref idref="oc-1f1"/>
      </symbol>
      <symbol id="sm-6fe">
         <name>__TI_readmsg</name>
         <value>0x1d09</value>
         <object_component_ref idref="oc-28c"/>
      </symbol>
      <symbol id="sm-6ff">
         <name>C$$IO$$</name>
         <value>0x1c93</value>
         <object_component_ref idref="oc-286"/>
      </symbol>
      <symbol id="sm-700">
         <name>__CIOBUF_</name>
         <value>0x20000800</value>
         <object_component_ref idref="oc-2e8"/>
      </symbol>
      <symbol id="sm-701">
         <name>__TI_writemsg</name>
         <value>0x1c65</value>
         <object_component_ref idref="oc-286"/>
      </symbol>
      <symbol id="sm-70f">
         <name>strlen</name>
         <value>0x1eaf</value>
         <object_component_ref idref="oc-280"/>
      </symbol>
      <symbol id="sm-710">
         <name>__TI_static_base__</name>
         <value>0x0</value>
      </symbol>
      <symbol id="sm-713">
         <name>__mpu_init</name>
         <value>0x0</value>
      </symbol>
      <symbol id="sm-714">
         <name>_system_post_cinit</name>
         <value>0x0</value>
      </symbol>
      <symbol id="sm-715">
         <name>remove</name>
         <value>0x1dd5</value>
      </symbol>
   </symbol_table>
   <title>Link successful</title>
</link_info>
